---
source: crates/ruff_linter/src/rules/ruff/mod.rs
---
RUF031.py:4:15: RUF031 [*] Unnecessary type defaults
  |
4 | def func() -> Generator[int, None, None]:
  |               ^^^^^^^^^^^^^^^^^^^^^^^^^^ RUF031
5 |     yield 42
  |
  = help: Remove unnecessary type defaults

ℹ Safe fix
1 1 | from typing import Generator, AsyncGenerator
2 2 | 
3 3 | 
4   |-def func() -> Generator[int, None, None]:
  4 |+def func() -> Generator[int]:
5 5 |     yield 42
6 6 | 
7 7 | 

RUF031.py:8:15: RUF031 [*] Unnecessary type defaults
  |
8 | def func() -> Generator[int, None]:
  |               ^^^^^^^^^^^^^^^^^^^^ RUF031
9 |     yield 42
  |
  = help: Remove unnecessary type defaults

ℹ Safe fix
5 5 |     yield 42
6 6 | 
7 7 | 
8   |-def func() -> Generator[int, None]:
  8 |+def func() -> Generator[int]:
9 9 |     yield 42
10 10 | 
11 11 | 

RUF031.py:21:15: RUF031 [*] Unnecessary type defaults
   |
21 | def func() -> Generator[int, int, None]:
   |               ^^^^^^^^^^^^^^^^^^^^^^^^^ RUF031
22 |     _ = yield 42
23 |     return None
   |
   = help: Remove unnecessary type defaults

ℹ Safe fix
18 18 |     return foo
19 19 | 
20 20 | 
21    |-def func() -> Generator[int, int, None]:
   21 |+def func() -> Generator[int, int]:
22 22 |     _ = yield 42
23 23 |     return None
24 24 | 

RUF031.py:31:21: RUF031 [*] Unnecessary type defaults
   |
31 | async def func() -> AsyncGenerator[int, None]:
   |                     ^^^^^^^^^^^^^^^^^^^^^^^^^ RUF031
32 |     yield 42
   |
   = help: Remove unnecessary type defaults

ℹ Safe fix
28 28 |     return 42
29 29 | 
30 30 | 
31    |-async def func() -> AsyncGenerator[int, None]:
   31 |+async def func() -> AsyncGenerator[int]:
32 32 |     yield 42
33 33 | 
34 34 |
